id,dishes/0/title,dishes/0/allergens/label
1,All Day Breakfast,vegan;vegetarian
1,Jack's Soup,vegetarian
